   Compiling logicodex v1.30.0-alpha (/home/msa_admin/SprojeX/logicodex)
warning: logicodex@1.30.0-alpha: Raylib library not found. Install it for full FFI linking:
warning: logicodex@1.30.0-alpha:   Ubuntu/Debian: sudo apt install libraylib-dev
warning: logicodex@1.30.0-alpha:   Fedora:       sudo dnf install raylib-devel
warning: logicodex@1.30.0-alpha:   macOS:        brew install raylib
warning: logicodex@1.30.0-alpha:   Or set RAYLIB_DIR env var to the Raylib installation
warning: logicodex@1.30.0-alpha:   Or set RAYLIB_NO_LINK=1 to skip Raylib detection
error[E0408]: variable `timeout_ms` is not bound in all patterns
   --> src/tier2/pass.rs:560:9
    |
560 |         Expr::Sleep { duration_ms } | Expr::TimeoutRecv { timeout_ms, .. } => {
    |         ^^^^^^^^^^^^^^^^^^^^^^^^^^^                       ---------- variable not in all patterns
    |         |
    |         pattern doesn't bind `timeout_ms`

error[E0408]: variable `duration_ms` is not bound in all patterns
   --> src/tier2/pass.rs:560:39
    |
560 |         Expr::Sleep { duration_ms } | Expr::TimeoutRecv { timeout_ms, .. } => {
    |                       -----------     ^^^^^^^^^^^^^^^^^^^^^^^^^^^^^^^^^^^^ pattern doesn't bind `duration_ms`
    |                       |
    |                       variable not in all patterns

error[E0408]: variable `timeout_ms` is not bound in all patterns
   --> src/tier2/pass.rs:629:9
    |
629 |         Expr::Sleep { duration_ms } | Expr::TimeoutRecv { timeout_ms, .. } => {
    |         ^^^^^^^^^^^^^^^^^^^^^^^^^^^                       ---------- variable not in all patterns
    |         |
    |         pattern doesn't bind `timeout_ms`

error[E0408]: variable `duration_ms` is not bound in all patterns
   --> src/tier2/pass.rs:629:39
    |
629 |         Expr::Sleep { duration_ms } | Expr::TimeoutRecv { timeout_ms, .. } => {
    |                       -----------     ^^^^^^^^^^^^^^^^^^^^^^^^^^^^^^^^^^^^ pattern doesn't bind `duration_ms`
    |                       |
    |                       variable not in all patterns

error[E0603]: struct import `CallableId` is private
    --> src/codegen.rs:1522:29
     |
1522 |         callee: crate::ffi::CallableId,
     |                             ^^^^^^^^^^ private struct import
     |
note: the struct import `CallableId` is defined here...
    --> src/ffi.rs:19:20
     |
19   | use crate::types::{CallableId, TypeId, TypeRegistry};
     |                    ^^^^^^^^^^
note: ...and refers to the struct `CallableId` which is defined here
    --> src/types.rs:23:1
     |
23   | pub struct CallableId(pub u32);
     | ^^^^^^^^^^^^^^^^^^^^^^^^^^^^^^^ consider importing it directly
help: consider importing this struct instead
     |
1522 |         callee: crate::types::CallableId,
     |                 ~~~~~~~~~~~~~~~~~~~~~~~~

error[E0603]: struct import `TypeRef` is private
    --> src/codegen.rs:1652:54
     |
1652 |     fn hir_type_to_llvm(&self, type_ref: crate::hir::TypeRef) -> Result<BasicTypeEnum<'ctx>> {
     |                                                      ^^^^^^^ private struct import
     |
note: the struct import `TypeRef` is defined here...
    --> src/hir.rs:14:77
     |
14   | use crate::types::{CallableId, Mutability, PrimitiveType, TypeId, TypeKind, TypeRef, TypeRegistry};
     |                                                                             ^^^^^^^
note: ...and refers to the struct `TypeRef` which is defined here
    --> src/types.rs:51:1
     |
51   | pub struct TypeRef {
     | ^^^^^^^^^^^^^^^^^^ consider importing it directly
help: consider importing this struct instead
     |
1652 |     fn hir_type_to_llvm(&self, type_ref: crate::types::TypeRef) -> Result<BasicTypeEnum<'ctx>> {
     |                                          ~~~~~~~~~~~~~~~~~~~~~

warning: unused import: `TargetArch`
  --> src/codegen.rs:46:110
   |
46 | use crate::os::target::{build_target_machine, build_target_machine_with_arch, CompilationTarget, OutputKind, TargetArch};
   |                                                                                                              ^^^^^^^^^^
   |
   = note: `#[warn(unused_imports)]` on by default

warning: unused imports: `BinaryOpAst`, `HirBlock`, `HirExprKind`, `HirExpr`, `HirStmt`, `LiteralAst`, `UnaryOpAst`
    --> src/codegen.rs:1093:36
     |
1093 |         use crate::hir::{HirParam, HirStmt, HirExpr, HirExprKind, HirBlock, BinaryOpAst, UnaryOpAst, LiteralAst};
     |                                    ^^^^^^^  ^^^^^^^  ^^^^^^^^^^^  ^^^^^^^^  ^^^^^^^^^^^  ^^^^^^^^^^  ^^^^^^^^^^

warning: unused import: `HirExpr`
    --> src/codegen.rs:1180:35
     |
1180 |         use crate::hir::{HirStmt, HirExpr};
     |                                   ^^^^^^^

warning: unused import: `CallableId`
  --> src/ffi/raylib.rs:14:5
   |
14 |     CallableId, CallableRegistry, CallableSafety, CallableSignature, CallingConvention,
   |     ^^^^^^^^^^

warning: unused import: `crate::types::StructFieldLayout as StructField`
  --> src/ffi/raylib.rs:17:5
   |
17 | use crate::types::StructFieldLayout as StructField;
   |     ^^^^^^^^^^^^^^^^^^^^^^^^^^^^^^^^^^^^^^^^^^^^^^

warning: unused imports: `PrimitiveType`, `StructLayout`
  --> src/ffi/raylib.rs:18:20
   |
18 | use crate::types::{PrimitiveType, StructLayout, TypeRegistry};
   |                    ^^^^^^^^^^^^^  ^^^^^^^^^^^^

warning: unused import: `super::*`
   --> src/ffi/raylib.rs:640:9
    |
640 |     use super::*;
    |         ^^^^^^^^

warning: unused import: `core::panic::PanicInfo`
  --> src/os/panic.rs:14:5
   |
14 | use core::panic::PanicInfo;
   |     ^^^^^^^^^^^^^^^^^^^^^^

warning: unused imports: `Param`, `Stmt`
  --> src/tier2/metadata.rs:15:18
   |
15 | use crate::ast::{Param, Stmt, Type};
   |                  ^^^^^  ^^^^

warning: unused import: `GateRef`
  --> src/tier2/pass.rs:22:33
   |
22 | use super::gate::{GateContract, GateRef};
   |                                 ^^^^^^^

warning: unused import: `TopologyVerifyResult`
  --> src/tier2/pass.rs:24:43
   |
24 | use super::topology::{CapabilityTopology, TopologyVerifyResult};
   |                                           ^^^^^^^^^^^^^^^^^^^^

warning: unused imports: `GateRef`, `GateType`
   --> src/tier2/pass.rs:346:35
    |
346 |     use super::gate::{GateDomain, GateRef, GateType};
    |                                   ^^^^^^^  ^^^^^^^^

warning: the item `GateRef` is imported redundantly
   --> src/tier2/pass.rs:346:35
    |
22  | use super::gate::{GateContract, GateRef};
    |                                 ------- the item `GateRef` is already imported here
...
346 |     use super::gate::{GateDomain, GateRef, GateType};
    |                                   ^^^^^^^

warning: the item `GateRef` is imported redundantly
   --> src/tier2/pass.rs:394:35
    |
22  | use super::gate::{GateContract, GateRef};
    |                                 ------- the item `GateRef` is already imported here
...
394 |     use super::gate::{GateDomain, GateRef, GateType};
    |                                   ^^^^^^^

warning: unused imports: `CapabilityTopology`, `TopologyViolation`
  --> src/tier2/shard.rs:22:23
   |
22 | use super::topology::{CapabilityTopology, TopologyViolation};
   |                       ^^^^^^^^^^^^^^^^^^  ^^^^^^^^^^^^^^^^^

warning: unused import: `GateContract`
  --> src/tier2/capability_ir.rs:23:19
   |
23 | use super::gate::{GateContract, GateRef, GateType};
   |                   ^^^^^^^^^^^^

warning: unused imports: `DoorRef`, `ServiceGraph`, `ServiceNode`, `ShardAssignment`
  --> src/tier2/capability_ir.rs:25:20
   |
25 | use super::shard::{DoorRef, ServiceGraph, ServiceNode, ShardAssignment, ShardTopology};
   |                    ^^^^^^^  ^^^^^^^^^^^^  ^^^^^^^^^^^  ^^^^^^^^^^^^^^^

warning: unused import: `TopologyViolation`
  --> src/tier2/capability_ir.rs:26:43
   |
26 | use super::topology::{CapabilityTopology, TopologyViolation};
   |                                           ^^^^^^^^^^^^^^^^^

warning: unused imports: `CompileTarget`, `IRServiceNode`, `IRShardNode`
  --> src/tier2/ctl_mapper.rs:27:37
   |
27 |     CapabilityGraph, CapabilityRef, CompileTarget, IRServiceNode, IRShardNode,
   |                                     ^^^^^^^^^^^^^  ^^^^^^^^^^^^^  ^^^^^^^^^^^

warning: unused import: `super::gate::GateType`
  --> src/tier2/ctl_mapper.rs:29:5
   |
29 | use super::gate::GateType;
   |     ^^^^^^^^^^^^^^^^^^^^^

warning: unused import: `crate::ffi::CallableSignature`
 --> src/types.rs:3:5
  |
3 | use crate::ffi::CallableSignature;
  |     ^^^^^^^^^^^^^^^^^^^^^^^^^^^^^

error[E0277]: `DiagnosticCode` doesn't implement `std::fmt::Display`
    --> src/codegen.rs:1004:40
     |
1004 |                 eprintln!("  [{}] {}", d.code, d.message);
     |                                        ^^^^^^ `DiagnosticCode` cannot be formatted with the default formatter
     |
     = help: the trait `std::fmt::Display` is not implemented for `DiagnosticCode`
     = note: in format strings you may be able to use `{:?}` (or {:#?} for pretty-print) instead
     = note: this error originates in the macro `$crate::format_args_nl` which comes from the expansion of the macro `eprintln` (in Nightly builds, run with -Z macro-backtrace for more info)

error[E0609]: no field `message` on type `&Diagnostic`
    --> src/codegen.rs:1004:50
     |
1004 |                 eprintln!("  [{}] {}", d.code, d.message);
     |                                                  ^^^^^^^ unknown field
     |
     = note: available fields are: `code`, `severity`, `message_ms`, `message_en`, `primary_span`, `notes`

error[E0277]: `span::DiagnosticCode` doesn't implement `std::fmt::Display`
    --> src/codegen.rs:1004:40
     |
1004 |                 eprintln!("  [{}] {}", d.code, d.message);
     |                                        ^^^^^^ `span::DiagnosticCode` cannot be formatted with the default formatter
     |
     = help: the trait `std::fmt::Display` is not implemented for `span::DiagnosticCode`
     = note: in format strings you may be able to use `{:?}` (or {:#?} for pretty-print) instead
     = note: this error originates in the macro `$crate::format_args_nl` which comes from the expansion of the macro `eprintln` (in Nightly builds, run with -Z macro-backtrace for more info)

error[E0308]: arguments to this method are incorrect
    --> src/codegen.rs:1302:61
     |
1302 |                     BinaryOpAst::ShiftRight => self.builder.build_right_shift(l, r, "shrtmp", true).context("shr"),
     |                                                             ^^^^^^^^^^^^^^^^^       --------  ---- expected `&str`, found `bool`
     |                                                                                     |
     |                                                                                     expected `bool`, found `&'static str`
     |
note: method defined here
    --> /home/msa_admin/.cargo/registry/src/index.crates.io-6f17d22bba15001f/inkwell-0.4.0/src/builder.rs:2353:12
     |
2353 |     pub fn build_right_shift<T: IntMathValue<'ctx>>(
     |            ^^^^^^^^^^^^^^^^^
help: swap these arguments
     |
1302 |                     BinaryOpAst::ShiftRight => self.builder.build_right_shift(l, r, true, "shrtmp").context("shr"),
     |                                                                              ~~~~~~~~~~~~~~~~~~~~~~

error[E0308]: mismatched types
    --> src/codegen.rs:1551:36
     |
1551 |             .build_call(llvm_func, &llvm_args, &format!("call_{}", signature.name))
     |              ----------            ^^^^^^^^^^ expected `&[BasicMetadataValueEnum<'_>]`, found `&Vec<BasicValueEnum<'_>>`
     |              |
     |              arguments to this method are incorrect
     |
     = note: expected reference `&[BasicMetadataValueEnum<'_>]`
                found reference `&Vec<BasicValueEnum<'ctx>>`
note: method defined here
    --> /home/msa_admin/.cargo/registry/src/index.crates.io-6f17d22bba15001f/inkwell-0.4.0/src/builder.rs:258:12
     |
258  |     pub fn build_call(
     |            ^^^^^^^^^^

error[E0599]: no method named `signatures` found for reference `&CallableRegistry` in the current scope
    --> src/codegen.rs:1689:38
     |
1689 |         for (_idx, sig) in callables.signatures().enumerate() {
     |                                      ^^^^^^^^^^-- help: remove the arguments
     |                                      |
     |                                      field, not a method

error[E0599]: no method named `signatures` found for reference `&ffi::CallableRegistry` in the current scope
    --> src/codegen.rs:1689:38
     |
1689 |         for (_idx, sig) in callables.signatures().enumerate() {
     |                                      ^^^^^^^^^^-- help: remove the arguments
     |                                      |
     |                                      field, not a method

error[E0308]: mismatched types
    --> src/codegen.rs:1707:50
     |
1707 |                 self.context.void_type().fn_type(&param_types, sig.is_variadic)
     |                                          ------- ^^^^^^^^^^^^ expected `&[BasicMetadataTypeEnum<'_>]`, found `&Vec<BasicTypeEnum<'_>>`
     |                                          |
     |                                          arguments to this method are incorrect
     |
     = note: expected reference `&[BasicMetadataTypeEnum<'_>]`
                found reference `&Vec<BasicTypeEnum<'ctx>>`
note: method defined here
    --> /home/msa_admin/.cargo/registry/src/index.crates.io-6f17d22bba15001f/inkwell-0.4.0/src/types/void_type.rs:77:12
     |
77   |     pub fn fn_type(self, param_types: &[BasicMetadataTypeEnum<'ctx>], is_var_args: bool) -> FunctionType<'ctx> {
     |            ^^^^^^^

error[E0283]: type annotations needed
    --> src/codegen.rs:1860:34
     |
1860 |                     self.builder.build_store(field_ptr, val.into())
     |                                  ^^^^^^^^^^^            ---------- type must be known at this point
     |                                  |
     |                                  cannot infer type of the type parameter `V` declared on the method `build_store`
     |
     = note: cannot satisfy `_: BasicValue<'_>`
     = help: the following types implement trait `BasicValue<'ctx>`:
               inkwell::values::ArrayValue<'ctx>
               AggregateValueEnum<'ctx>
               BasicValueEnum<'ctx>
               inkwell::values::FloatValue<'ctx>
               GlobalValue<'ctx>
               inkwell::values::IntValue<'ctx>
               inkwell::values::PointerValue<'ctx>
               inkwell::values::StructValue<'ctx>
               inkwell::values::VectorValue<'ctx>
note: required by a bound in `inkwell::builder::Builder::<'ctx>::build_store`
    --> /home/msa_admin/.cargo/registry/src/index.crates.io-6f17d22bba15001f/inkwell-0.4.0/src/builder.rs:1331:27
     |
1331 |     pub fn build_store<V: BasicValue<'ctx>>(
     |                           ^^^^^^^^^^^^^^^^ required by this bound in `Builder::<'ctx>::build_store`
help: consider specifying the generic argument
     |
1860 |                     self.builder.build_store::<V>(field_ptr, val.into())
     |                                             +++++

error[E0061]: this function takes 3 arguments but 2 arguments were supplied
   --> src/ffi/raylib.rs:677:9
    |
677 |         register_raylib_functions(&mut registry, &mut callables);
    |         ^^^^^^^^^^^^^^^^^^^^^^^^^------------------------------- an argument of type `&RaylibTypeIds` is missing
    |
note: function defined here
   --> src/ffi/raylib.rs:495:8
    |
495 | pub fn register_raylib_functions(
    |        ^^^^^^^^^^^^^^^^^^^^^^^^^
496 |     registry: &mut TypeRegistry,
    |     ---------------------------
497 |     callables: &mut CallableRegistry,
    |     --------------------------------
498 |     struct_ids: &RaylibTypeIds,
    |     --------------------------
help: provide the argument
    |
677 |         register_raylib_functions(&mut registry, &mut callables, /* &RaylibTypeIds */);
    |                                  ~~~~~~~~~~~~~~~~~~~~~~~~~~~~~~~~~~~~~~~~~~~~~~~~~~~~~

error[E0061]: this function takes 3 arguments but 2 arguments were supplied
   --> src/ffi/raylib.rs:694:9
    |
694 |         register_raylib_functions(&mut registry, &mut callables);
    |         ^^^^^^^^^^^^^^^^^^^^^^^^^------------------------------- an argument of type `&RaylibTypeIds` is missing
    |
note: function defined here
   --> src/ffi/raylib.rs:495:8
    |
495 | pub fn register_raylib_functions(
    |        ^^^^^^^^^^^^^^^^^^^^^^^^^
496 |     registry: &mut TypeRegistry,
    |     ---------------------------
497 |     callables: &mut CallableRegistry,
    |     --------------------------------
498 |     struct_ids: &RaylibTypeIds,
    |     --------------------------
help: provide the argument
    |
694 |         register_raylib_functions(&mut registry, &mut callables, /* &RaylibTypeIds */);
    |                                  ~~~~~~~~~~~~~~~~~~~~~~~~~~~~~~~~~~~~~~~~~~~~~~~~~~~~~

Some errors have detailed explanations: E0277, E0283, E0308, E0408, E0599, E0603, E0609.
For more information about an error, try `rustc --explain E0277`.
warning: `logicodex` (lib) generated 21 warnings
The following warnings were emitted during compilation:

warning: logicodex@1.30.0-alpha: Raylib library not found. Install it for full FFI linking:
warning: logicodex@1.30.0-alpha:   Ubuntu/Debian: sudo apt install libraylib-dev
warning: logicodex@1.30.0-alpha:   Fedora:       sudo dnf install raylib-devel
warning: logicodex@1.30.0-alpha:   macOS:        brew install raylib
warning: logicodex@1.30.0-alpha:   Or set RAYLIB_DIR env var to the Raylib installation
warning: logicodex@1.30.0-alpha:   Or set RAYLIB_NO_LINK=1 to skip Raylib detection

error: could not compile `logicodex` (lib) due to 13 previous errors; 21 warnings emitted
warning: build failed, waiting for other jobs to finish...
Some errors have detailed explanations: E0061, E0277, E0283, E0308, E0408, E0599, E0603, E0609.
For more information about an error, try `rustc --explain E0061`.
warning: `logicodex` (lib test) generated 21 warnings (21 duplicates)
The following warnings were emitted during compilation:

warning: logicodex@1.30.0-alpha: Raylib library not found. Install it for full FFI linking:
warning: logicodex@1.30.0-alpha:   Ubuntu/Debian: sudo apt install libraylib-dev
warning: logicodex@1.30.0-alpha:   Fedora:       sudo dnf install raylib-devel
warning: logicodex@1.30.0-alpha:   macOS:        brew install raylib
warning: logicodex@1.30.0-alpha:   Or set RAYLIB_DIR env var to the Raylib installation
warning: logicodex@1.30.0-alpha:   Or set RAYLIB_NO_LINK=1 to skip Raylib detection

error: could not compile `logicodex` (lib test) due to 15 previous errors; 21 warnings emitted
